// Jest Snapshot v1, https://goo.gl/fbAQLP

exports[`should render EditExpensePage correctly 1`] = `
<div>
  <div
    className="page-header"
  >
    <div
      className="content-container"
    >
      <h1
        className="page-header__title"
      >
        Edit Expense
      </h1>
    </div>
  </div>
  <div
    className="content-container"
  >
    <ExpenseForm
      formData={
        Object {
          "amount": 100,
          "createdAt": "1970-01-01T00:00:00.000Z",
          "description": "rent",
          "id": "1",
          "note": "abc",
        }
      }
      formDataSubmit={[Function]}
    />
    <button
      className="button button--secondary"
      onClick={[Function]}
    >
       Remove 
    </button>
  </div>
</div>
`;
